▲ Next.js 16.3.4
- Local:         http://localhost:3100
- Network:       http://192.0.2.2:3100
✓ Ready in 163ms
✓ Running next.config.ts took 39ms
⨯ RangeError: Invalid time value
    at c (.next/server/chunks/ssr/[root-of-the-server]__1zx1hqn._.js:2:8762)
    at r (.next/server/chunks/ssr/src_04_ug7q._.js:1:9319)
    at async P (.next/server/chunks/ssr/src_04_ug7q._.js:1:21017) {
  digest: '2215951132'
}
⨯ RangeError: Invalid time value
    at c (.next/server/chunks/ssr/[root-of-the-server]__1zx1hqn._.js:2:8762)
    at r (.next/server/chunks/ssr/src_04_ug7q._.js:1:9319)
    at async P (.next/server/chunks/ssr/src_04_ug7q._.js:1:21017) {
  digest: '2215951132'
}
⨯ RangeError: Invalid time value
    at c (.next/server/chunks/ssr/[root-of-the-server]__1zx1hqn._.js:2:8762)
    at r (.next/server/chunks/ssr/src_04_ug7q._.js:1:9319)
    at async P (.next/server/chunks/ssr/src_04_ug7q._.js:1:21017) {
  digest: '2215951132'
}
⨯ RangeError: Invalid time value
    at c (.next/server/chunks/ssr/[root-of-the-server]__1zx1hqn._.js:2:8762)
    at r (.next/server/chunks/ssr/src_04_ug7q._.js:1:9319)
    at async P (.next/server/chunks/ssr/src_04_ug7q._.js:1:21017) {
  digest: '2215951132'
}
⨯ RangeError: Invalid time value
    at c (.next/server/chunks/ssr/[root-of-the-server]__1zx1hqn._.js:2:8762)
    at r (.next/server/chunks/ssr/src_04_ug7q._.js:1:9319)
    at async M (.next/server/chunks/ssr/src_04_ug7q._.js:1:17293) {
  digest: '4172119915'
}
